../Core/Src/main.c:77:5:main	32	static,ignoring_inline_asm
../Core/Src/main.c:131:6:SystemClock_Config	88	static
../Core/Src/main.c:166:13:led_green_handle	16	static,ignoring_inline_asm
../Core/Src/main.c:187:13:UART_configuration	8	static
../Core/Src/main.c:201:13:uart_set_baudrate	24	static
../Core/Src/main.c:206:17:compute_uart_bd	16	static
../Core/Src/main.c:210:6:uart_write	16	static
../Core/Src/main.c:228:6:HAL_TIM_PeriodElapsedCallback	16	static
../Core/Src/main.c:245:6:Error_Handler	4	static
