12:22:17 **** Build of configuration Debug for project 002LEDproject ****
make -j4 all 
arm-none-eabi-gcc "../thirdparty/SEGGER/SEGGER/Syscalls/SEGGER_RTT_Syscalls_GCC.c" -mcpu=cortex-m4 -std=gnu11 -g3 -DUSE_HAL_DRIVER -DSTM32F401xE -DDEBUG -DSTM32F401RETx -c -I"C:/Users/vahid/Desktop/STM32F401/002LEDproject/thirdparty/FreeRTOS" -I"C:/Users/vahid/Desktop/STM32F401/002LEDproject/thirdparty/SEGGER/Config" -I"C:/Users/vahid/Desktop/STM32F401/002LEDproject/thirdparty/SEGGER/OS" -I"C:/Users/vahid/Desktop/STM32F401/002LEDproject/thirdparty/SEGGER/SEGGER" -I"C:/Users/vahid/Desktop/STM32F401/002LEDproject/thirdparty/FreeRTOS/include" -I../Drivers/CMSIS/Include -I"C:/Users/vahid/Desktop/STM32F401/002LEDproject/thirdparty/FreeRTOS/portable/GCC/ARM_CM4F" -I../Drivers/STM32F4xx_HAL_Driver/Inc -I../Core/Inc -I../Drivers/CMSIS/Device/ST/STM32F4xx/Include -I../Drivers/STM32F4xx_HAL_Driver/Inc/Legacy -I"C:/Users/vahid/Desktop/STM32F401/chip_headers/CMSIS/Include" -I"C:/Users/vahid/Desktop/STM32F401/chip_headers/CMSIS/Device/ST/STM32F4xx/Include" -O0 -ffunction-sections -fdata-sections -Wall -fstack-usage -fcyclomatic-complexity -MMD -MP -MF"thirdparty/SEGGER/SEGGER/Syscalls/SEGGER_RTT_Syscalls_GCC.d" -MT"thirdparty/SEGGER/SEGGER/Syscalls/SEGGER_RTT_Syscalls_GCC.o" --specs=nano.specs -mfpu=fpv4-sp-d16 -mfloat-abi=hard -mthumb -o "thirdparty/SEGGER/SEGGER/Syscalls/SEGGER_RTT_Syscalls_GCC.o"
arm-none-eabi-gcc "../thirdparty/SEGGER/SEGGER/SEGGER_RTT.c" -mcpu=cortex-m4 -std=gnu11 -g3 -DUSE_HAL_DRIVER -DSTM32F401xE -DDEBUG -DSTM32F401RETx -c -I"C:/Users/vahid/Desktop/STM32F401/002LEDproject/thirdparty/FreeRTOS" -I"C:/Users/vahid/Desktop/STM32F401/002LEDproject/thirdparty/SEGGER/Config" -I"C:/Users/vahid/Desktop/STM32F401/002LEDproject/thirdparty/SEGGER/OS" -I"C:/Users/vahid/Desktop/STM32F401/002LEDproject/thirdparty/SEGGER/SEGGER" -I"C:/Users/vahid/Desktop/STM32F401/002LEDproject/thirdparty/FreeRTOS/include" -I../Drivers/CMSIS/Include -I"C:/Users/vahid/Desktop/STM32F401/002LEDproject/thirdparty/FreeRTOS/portable/GCC/ARM_CM4F" -I../Drivers/STM32F4xx_HAL_Driver/Inc -I../Core/Inc -I../Drivers/CMSIS/Device/ST/STM32F4xx/Include -I../Drivers/STM32F4xx_HAL_Driver/Inc/Legacy -I"C:/Users/vahid/Desktop/STM32F401/chip_headers/CMSIS/Include" -I"C:/Users/vahid/Desktop/STM32F401/chip_headers/CMSIS/Device/ST/STM32F4xx/Include" -O0 -ffunction-sections -fdata-sections -Wall -fstack-usage -fcyclomatic-complexity -MMD -MP -MF"thirdparty/SEGGER/SEGGER/SEGGER_RTT.d" -MT"thirdparty/SEGGER/SEGGER/SEGGER_RTT.o" --specs=nano.specs -mfpu=fpv4-sp-d16 -mfloat-abi=hard -mthumb -o "thirdparty/SEGGER/SEGGER/SEGGER_RTT.o"
arm-none-eabi-gcc -mcpu=cortex-m4 -g3 -c -I"C:/Users/vahid/Desktop/STM32F401/002LEDproject/thirdparty/SEGGER/Config" -x assembler-with-cpp -MMD -MP -MF"thirdparty/SEGGER/SEGGER/SEGGER_RTT_ASM_ARMv7M.d" -MT"thirdparty/SEGGER/SEGGER/SEGGER_RTT_ASM_ARMv7M.o" --specs=nano.specs -mfpu=fpv4-sp-d16 -mfloat-abi=hard -mthumb -o "thirdparty/SEGGER/SEGGER/SEGGER_RTT_ASM_ARMv7M.o" "../thirdparty/SEGGER/SEGGER/SEGGER_RTT_ASM_ARMv7M.S"
arm-none-eabi-gcc "../thirdparty/SEGGER/SEGGER/SEGGER_RTT_printf.c" -mcpu=cortex-m4 -std=gnu11 -g3 -DUSE_HAL_DRIVER -DSTM32F401xE -DDEBUG -DSTM32F401RETx -c -I"C:/Users/vahid/Desktop/STM32F401/002LEDproject/thirdparty/FreeRTOS" -I"C:/Users/vahid/Desktop/STM32F401/002LEDproject/thirdparty/SEGGER/Config" -I"C:/Users/vahid/Desktop/STM32F401/002LEDproject/thirdparty/SEGGER/OS" -I"C:/Users/vahid/Desktop/STM32F401/002LEDproject/thirdparty/SEGGER/SEGGER" -I"C:/Users/vahid/Desktop/STM32F401/002LEDproject/thirdparty/FreeRTOS/include" -I../Drivers/CMSIS/Include -I"C:/Users/vahid/Desktop/STM32F401/002LEDproject/thirdparty/FreeRTOS/portable/GCC/ARM_CM4F" -I../Drivers/STM32F4xx_HAL_Driver/Inc -I../Core/Inc -I../Drivers/CMSIS/Device/ST/STM32F4xx/Include -I../Drivers/STM32F4xx_HAL_Driver/Inc/Legacy -I"C:/Users/vahid/Desktop/STM32F401/chip_headers/CMSIS/Include" -I"C:/Users/vahid/Desktop/STM32F401/chip_headers/CMSIS/Device/ST/STM32F4xx/Include" -O0 -ffunction-sections -fdata-sections -Wall -fstack-usage -fcyclomatic-complexity -MMD -MP -MF"thirdparty/SEGGER/SEGGER/SEGGER_RTT_printf.d" -MT"thirdparty/SEGGER/SEGGER/SEGGER_RTT_printf.o" --specs=nano.specs -mfpu=fpv4-sp-d16 -mfloat-abi=hard -mthumb -o "thirdparty/SEGGER/SEGGER/SEGGER_RTT_printf.o"
arm-none-eabi-gcc "../thirdparty/SEGGER/SEGGER/SEGGER_SYSVIEW.c" -mcpu=cortex-m4 -std=gnu11 -g3 -DUSE_HAL_DRIVER -DSTM32F401xE -DDEBUG -DSTM32F401RETx -c -I"C:/Users/vahid/Desktop/STM32F401/002LEDproject/thirdparty/FreeRTOS" -I"C:/Users/vahid/Desktop/STM32F401/002LEDproject/thirdparty/SEGGER/Config" -I"C:/Users/vahid/Desktop/STM32F401/002LEDproject/thirdparty/SEGGER/OS" -I"C:/Users/vahid/Desktop/STM32F401/002LEDproject/thirdparty/SEGGER/SEGGER" -I"C:/Users/vahid/Desktop/STM32F401/002LEDproject/thirdparty/FreeRTOS/include" -I../Drivers/CMSIS/Include -I"C:/Users/vahid/Desktop/STM32F401/002LEDproject/thirdparty/FreeRTOS/portable/GCC/ARM_CM4F" -I../Drivers/STM32F4xx_HAL_Driver/Inc -I../Core/Inc -I../Drivers/CMSIS/Device/ST/STM32F4xx/Include -I../Drivers/STM32F4xx_HAL_Driver/Inc/Legacy -I"C:/Users/vahid/Desktop/STM32F401/chip_headers/CMSIS/Include" -I"C:/Users/vahid/Desktop/STM32F401/chip_headers/CMSIS/Device/ST/STM32F4xx/Include" -O0 -ffunction-sections -fdata-sections -Wall -fstack-usage -fcyclomatic-complexity -MMD -MP -MF"thirdparty/SEGGER/SEGGER/SEGGER_SYSVIEW.d" -MT"thirdparty/SEGGER/SEGGER/SEGGER_SYSVIEW.o" --specs=nano.specs -mfpu=fpv4-sp-d16 -mfloat-abi=hard -mthumb -o "thirdparty/SEGGER/SEGGER/SEGGER_SYSVIEW.o"
arm-none-eabi-gcc "../thirdparty/SEGGER/Rec/segger_uart.c" -mcpu=cortex-m4 -std=gnu11 -g3 -DUSE_HAL_DRIVER -DSTM32F401xE -DDEBUG -DSTM32F401RETx -c -I"C:/Users/vahid/Desktop/STM32F401/002LEDproject/thirdparty/FreeRTOS" -I"C:/Users/vahid/Desktop/STM32F401/002LEDproject/thirdparty/SEGGER/Config" -I"C:/Users/vahid/Desktop/STM32F401/002LEDproject/thirdparty/SEGGER/OS" -I"C:/Users/vahid/Desktop/STM32F401/002LEDproject/thirdparty/SEGGER/SEGGER" -I"C:/Users/vahid/Desktop/STM32F401/002LEDproject/thirdparty/FreeRTOS/include" -I../Drivers/CMSIS/Include -I"C:/Users/vahid/Desktop/STM32F401/002LEDproject/thirdparty/FreeRTOS/portable/GCC/ARM_CM4F" -I../Drivers/STM32F4xx_HAL_Driver/Inc -I../Core/Inc -I../Drivers/CMSIS/Device/ST/STM32F4xx/Include -I../Drivers/STM32F4xx_HAL_Driver/Inc/Legacy -I"C:/Users/vahid/Desktop/STM32F401/chip_headers/CMSIS/Include" -I"C:/Users/vahid/Desktop/STM32F401/chip_headers/CMSIS/Device/ST/STM32F4xx/Include" -O0 -ffunction-sections -fdata-sections -Wall -fstack-usage -fcyclomatic-complexity -MMD -MP -MF"thirdparty/SEGGER/Rec/segger_uart.d" -MT"thirdparty/SEGGER/Rec/segger_uart.o" --specs=nano.specs -mfpu=fpv4-sp-d16 -mfloat-abi=hard -mthumb -o "thirdparty/SEGGER/Rec/segger_uart.o"
arm-none-eabi-gcc "../thirdparty/SEGGER/OS/SEGGER_SYSVIEW_FreeRTOS.c" -mcpu=cortex-m4 -std=gnu11 -g3 -DUSE_HAL_DRIVER -DSTM32F401xE -DDEBUG -DSTM32F401RETx -c -I"C:/Users/vahid/Desktop/STM32F401/002LEDproject/thirdparty/FreeRTOS" -I"C:/Users/vahid/Desktop/STM32F401/002LEDproject/thirdparty/SEGGER/Config" -I"C:/Users/vahid/Desktop/STM32F401/002LEDproject/thirdparty/SEGGER/OS" -I"C:/Users/vahid/Desktop/STM32F401/002LEDproject/thirdparty/SEGGER/SEGGER" -I"C:/Users/vahid/Desktop/STM32F401/002LEDproject/thirdparty/FreeRTOS/include" -I../Drivers/CMSIS/Include -I"C:/Users/vahid/Desktop/STM32F401/002LEDproject/thirdparty/FreeRTOS/portable/GCC/ARM_CM4F" -I../Drivers/STM32F4xx_HAL_Driver/Inc -I../Core/Inc -I../Drivers/CMSIS/Device/ST/STM32F4xx/Include -I../Drivers/STM32F4xx_HAL_Driver/Inc/Legacy -I"C:/Users/vahid/Desktop/STM32F401/chip_headers/CMSIS/Include" -I"C:/Users/vahid/Desktop/STM32F401/chip_headers/CMSIS/Device/ST/STM32F4xx/Include" -O0 -ffunction-sections -fdata-sections -Wall -fstack-usage -fcyclomatic-complexity -MMD -MP -MF"thirdparty/SEGGER/OS/SEGGER_SYSVIEW_FreeRTOS.d" -MT"thirdparty/SEGGER/OS/SEGGER_SYSVIEW_FreeRTOS.o" --specs=nano.specs -mfpu=fpv4-sp-d16 -mfloat-abi=hard -mthumb -o "thirdparty/SEGGER/OS/SEGGER_SYSVIEW_FreeRTOS.o"
arm-none-eabi-gcc "../thirdparty/SEGGER/Config/SEGGER_SYSVIEW_Config_FreeRTOS.c" -mcpu=cortex-m4 -std=gnu11 -g3 -DUSE_HAL_DRIVER -DSTM32F401xE -DDEBUG -DSTM32F401RETx -c -I"C:/Users/vahid/Desktop/STM32F401/002LEDproject/thirdparty/FreeRTOS" -I"C:/Users/vahid/Desktop/STM32F401/002LEDproject/thirdparty/SEGGER/Config" -I"C:/Users/vahid/Desktop/STM32F401/002LEDproject/thirdparty/SEGGER/OS" -I"C:/Users/vahid/Desktop/STM32F401/002LEDproject/thirdparty/SEGGER/SEGGER" -I"C:/Users/vahid/Desktop/STM32F401/002LEDproject/thirdparty/FreeRTOS/include" -I../Drivers/CMSIS/Include -I"C:/Users/vahid/Desktop/STM32F401/002LEDproject/thirdparty/FreeRTOS/portable/GCC/ARM_CM4F" -I../Drivers/STM32F4xx_HAL_Driver/Inc -I../Core/Inc -I../Drivers/CMSIS/Device/ST/STM32F4xx/Include -I../Drivers/STM32F4xx_HAL_Driver/Inc/Legacy -I"C:/Users/vahid/Desktop/STM32F401/chip_headers/CMSIS/Include" -I"C:/Users/vahid/Desktop/STM32F401/chip_headers/CMSIS/Device/ST/STM32F4xx/Include" -O0 -ffunction-sections -fdata-sections -Wall -fstack-usage -fcyclomatic-complexity -MMD -MP -MF"thirdparty/SEGGER/Config/SEGGER_SYSVIEW_Config_FreeRTOS.d" -MT"thirdparty/SEGGER/Config/SEGGER_SYSVIEW_Config_FreeRTOS.o" --specs=nano.specs -mfpu=fpv4-sp-d16 -mfloat-abi=hard -mthumb -o "thirdparty/SEGGER/Config/SEGGER_SYSVIEW_Config_FreeRTOS.o"
arm-none-eabi-gcc "../thirdparty/FreeRTOS/portable/MemMang/heap_4.c" -mcpu=cortex-m4 -std=gnu11 -g3 -DUSE_HAL_DRIVER -DSTM32F401xE -DDEBUG -DSTM32F401RETx -c -I"C:/Users/vahid/Desktop/STM32F401/002LEDproject/thirdparty/FreeRTOS" -I"C:/Users/vahid/Desktop/STM32F401/002LEDproject/thirdparty/SEGGER/Config" -I"C:/Users/vahid/Desktop/STM32F401/002LEDproject/thirdparty/SEGGER/OS" -I"C:/Users/vahid/Desktop/STM32F401/002LEDproject/thirdparty/SEGGER/SEGGER" -I"C:/Users/vahid/Desktop/STM32F401/002LEDproject/thirdparty/FreeRTOS/include" -I../Drivers/CMSIS/Include -I"C:/Users/vahid/Desktop/STM32F401/002LEDproject/thirdparty/FreeRTOS/portable/GCC/ARM_CM4F" -I../Drivers/STM32F4xx_HAL_Driver/Inc -I../Core/Inc -I../Drivers/CMSIS/Device/ST/STM32F4xx/Include -I../Drivers/STM32F4xx_HAL_Driver/Inc/Legacy -I"C:/Users/vahid/Desktop/STM32F401/chip_headers/CMSIS/Include" -I"C:/Users/vahid/Desktop/STM32F401/chip_headers/CMSIS/Device/ST/STM32F4xx/Include" -O0 -ffunction-sections -fdata-sections -Wall -fstack-usage -fcyclomatic-complexity -MMD -MP -MF"thirdparty/FreeRTOS/portable/MemMang/heap_4.d" -MT"thirdparty/FreeRTOS/portable/MemMang/heap_4.o" --specs=nano.specs -mfpu=fpv4-sp-d16 -mfloat-abi=hard -mthumb -o "thirdparty/FreeRTOS/portable/MemMang/heap_4.o"
arm-none-eabi-gcc "../thirdparty/FreeRTOS/portable/GCC/ARM_CM4F/port.c" -mcpu=cortex-m4 -std=gnu11 -g3 -DUSE_HAL_DRIVER -DSTM32F401xE -DDEBUG -DSTM32F401RETx -c -I"C:/Users/vahid/Desktop/STM32F401/002LEDproject/thirdparty/FreeRTOS" -I"C:/Users/vahid/Desktop/STM32F401/002LEDproject/thirdparty/SEGGER/Config" -I"C:/Users/vahid/Desktop/STM32F401/002LEDproject/thirdparty/SEGGER/OS" -I"C:/Users/vahid/Desktop/STM32F401/002LEDproject/thirdparty/SEGGER/SEGGER" -I"C:/Users/vahid/Desktop/STM32F401/002LEDproject/thirdparty/FreeRTOS/include" -I../Drivers/CMSIS/Include -I"C:/Users/vahid/Desktop/STM32F401/002LEDproject/thirdparty/FreeRTOS/portable/GCC/ARM_CM4F" -I../Drivers/STM32F4xx_HAL_Driver/Inc -I../Core/Inc -I../Drivers/CMSIS/Device/ST/STM32F4xx/Include -I../Drivers/STM32F4xx_HAL_Driver/Inc/Legacy -I"C:/Users/vahid/Desktop/STM32F401/chip_headers/CMSIS/Include" -I"C:/Users/vahid/Desktop/STM32F401/chip_headers/CMSIS/Device/ST/STM32F4xx/Include" -O0 -ffunction-sections -fdata-sections -Wall -fstack-usage -fcyclomatic-complexity -MMD -MP -MF"thirdparty/FreeRTOS/portable/GCC/ARM_CM4F/port.d" -MT"thirdparty/FreeRTOS/portable/GCC/ARM_CM4F/port.o" --specs=nano.specs -mfpu=fpv4-sp-d16 -mfloat-abi=hard -mthumb -o "thirdparty/FreeRTOS/portable/GCC/ARM_CM4F/port.o"
arm-none-eabi-gcc "../thirdparty/FreeRTOS/croutine.c" -mcpu=cortex-m4 -std=gnu11 -g3 -DUSE_HAL_DRIVER -DSTM32F401xE -DDEBUG -DSTM32F401RETx -c -I"C:/Users/vahid/Desktop/STM32F401/002LEDproject/thirdparty/FreeRTOS" -I"C:/Users/vahid/Desktop/STM32F401/002LEDproject/thirdparty/SEGGER/Config" -I"C:/Users/vahid/Desktop/STM32F401/002LEDproject/thirdparty/SEGGER/OS" -I"C:/Users/vahid/Desktop/STM32F401/002LEDproject/thirdparty/SEGGER/SEGGER" -I"C:/Users/vahid/Desktop/STM32F401/002LEDproject/thirdparty/FreeRTOS/include" -I../Drivers/CMSIS/Include -I"C:/Users/vahid/Desktop/STM32F401/002LEDproject/thirdparty/FreeRTOS/portable/GCC/ARM_CM4F" -I../Drivers/STM32F4xx_HAL_Driver/Inc -I../Core/Inc -I../Drivers/CMSIS/Device/ST/STM32F4xx/Include -I../Drivers/STM32F4xx_HAL_Driver/Inc/Legacy -I"C:/Users/vahid/Desktop/STM32F401/chip_headers/CMSIS/Include" -I"C:/Users/vahid/Desktop/STM32F401/chip_headers/CMSIS/Device/ST/STM32F4xx/Include" -O0 -ffunction-sections -fdata-sections -Wall -fstack-usage -fcyclomatic-complexity -MMD -MP -MF"thirdparty/FreeRTOS/croutine.d" -MT"thirdparty/FreeRTOS/croutine.o" --specs=nano.specs -mfpu=fpv4-sp-d16 -mfloat-abi=hard -mthumb -o "thirdparty/FreeRTOS/croutine.o"
arm-none-eabi-gcc "../thirdparty/FreeRTOS/event_groups.c" -mcpu=cortex-m4 -std=gnu11 -g3 -DUSE_HAL_DRIVER -DSTM32F401xE -DDEBUG -DSTM32F401RETx -c -I"C:/Users/vahid/Desktop/STM32F401/002LEDproject/thirdparty/FreeRTOS" -I"C:/Users/vahid/Desktop/STM32F401/002LEDproject/thirdparty/SEGGER/Config" -I"C:/Users/vahid/Desktop/STM32F401/002LEDproject/thirdparty/SEGGER/OS" -I"C:/Users/vahid/Desktop/STM32F401/002LEDproject/thirdparty/SEGGER/SEGGER" -I"C:/Users/vahid/Desktop/STM32F401/002LEDproject/thirdparty/FreeRTOS/include" -I../Drivers/CMSIS/Include -I"C:/Users/vahid/Desktop/STM32F401/002LEDproject/thirdparty/FreeRTOS/portable/GCC/ARM_CM4F" -I../Drivers/STM32F4xx_HAL_Driver/Inc -I../Core/Inc -I../Drivers/CMSIS/Device/ST/STM32F4xx/Include -I../Drivers/STM32F4xx_HAL_Driver/Inc/Legacy -I"C:/Users/vahid/Desktop/STM32F401/chip_headers/CMSIS/Include" -I"C:/Users/vahid/Desktop/STM32F401/chip_headers/CMSIS/Device/ST/STM32F4xx/Include" -O0 -ffunction-sections -fdata-sections -Wall -fstack-usage -fcyclomatic-complexity -MMD -MP -MF"thirdparty/FreeRTOS/event_groups.d" -MT"thirdparty/FreeRTOS/event_groups.o" --specs=nano.specs -mfpu=fpv4-sp-d16 -mfloat-abi=hard -mthumb -o "thirdparty/FreeRTOS/event_groups.o"
arm-none-eabi-gcc "../thirdparty/FreeRTOS/list.c" -mcpu=cortex-m4 -std=gnu11 -g3 -DUSE_HAL_DRIVER -DSTM32F401xE -DDEBUG -DSTM32F401RETx -c -I"C:/Users/vahid/Desktop/STM32F401/002LEDproject/thirdparty/FreeRTOS" -I"C:/Users/vahid/Desktop/STM32F401/002LEDproject/thirdparty/SEGGER/Config" -I"C:/Users/vahid/Desktop/STM32F401/002LEDproject/thirdparty/SEGGER/OS" -I"C:/Users/vahid/Desktop/STM32F401/002LEDproject/thirdparty/SEGGER/SEGGER" -I"C:/Users/vahid/Desktop/STM32F401/002LEDproject/thirdparty/FreeRTOS/include" -I../Drivers/CMSIS/Include -I"C:/Users/vahid/Desktop/STM32F401/002LEDproject/thirdparty/FreeRTOS/portable/GCC/ARM_CM4F" -I../Drivers/STM32F4xx_HAL_Driver/Inc -I../Core/Inc -I../Drivers/CMSIS/Device/ST/STM32F4xx/Include -I../Drivers/STM32F4xx_HAL_Driver/Inc/Legacy -I"C:/Users/vahid/Desktop/STM32F401/chip_headers/CMSIS/Include" -I"C:/Users/vahid/Desktop/STM32F401/chip_headers/CMSIS/Device/ST/STM32F4xx/Include" -O0 -ffunction-sections -fdata-sections -Wall -fstack-usage -fcyclomatic-complexity -MMD -MP -MF"thirdparty/FreeRTOS/list.d" -MT"thirdparty/FreeRTOS/list.o" --specs=nano.specs -mfpu=fpv4-sp-d16 -mfloat-abi=hard -mthumb -o "thirdparty/FreeRTOS/list.o"
arm-none-eabi-gcc "../thirdparty/FreeRTOS/queue.c" -mcpu=cortex-m4 -std=gnu11 -g3 -DUSE_HAL_DRIVER -DSTM32F401xE -DDEBUG -DSTM32F401RETx -c -I"C:/Users/vahid/Desktop/STM32F401/002LEDproject/thirdparty/FreeRTOS" -I"C:/Users/vahid/Desktop/STM32F401/002LEDproject/thirdparty/SEGGER/Config" -I"C:/Users/vahid/Desktop/STM32F401/002LEDproject/thirdparty/SEGGER/OS" -I"C:/Users/vahid/Desktop/STM32F401/002LEDproject/thirdparty/SEGGER/SEGGER" -I"C:/Users/vahid/Desktop/STM32F401/002LEDproject/thirdparty/FreeRTOS/include" -I../Drivers/CMSIS/Include -I"C:/Users/vahid/Desktop/STM32F401/002LEDproject/thirdparty/FreeRTOS/portable/GCC/ARM_CM4F" -I../Drivers/STM32F4xx_HAL_Driver/Inc -I../Core/Inc -I../Drivers/CMSIS/Device/ST/STM32F4xx/Include -I../Drivers/STM32F4xx_HAL_Driver/Inc/Legacy -I"C:/Users/vahid/Desktop/STM32F401/chip_headers/CMSIS/Include" -I"C:/Users/vahid/Desktop/STM32F401/chip_headers/CMSIS/Device/ST/STM32F4xx/Include" -O0 -ffunction-sections -fdata-sections -Wall -fstack-usage -fcyclomatic-complexity -MMD -MP -MF"thirdparty/FreeRTOS/queue.d" -MT"thirdparty/FreeRTOS/queue.o" --specs=nano.specs -mfpu=fpv4-sp-d16 -mfloat-abi=hard -mthumb -o "thirdparty/FreeRTOS/queue.o"
arm-none-eabi-gcc "../thirdparty/FreeRTOS/stream_buffer.c" -mcpu=cortex-m4 -std=gnu11 -g3 -DUSE_HAL_DRIVER -DSTM32F401xE -DDEBUG -DSTM32F401RETx -c -I"C:/Users/vahid/Desktop/STM32F401/002LEDproject/thirdparty/FreeRTOS" -I"C:/Users/vahid/Desktop/STM32F401/002LEDproject/thirdparty/SEGGER/Config" -I"C:/Users/vahid/Desktop/STM32F401/002LEDproject/thirdparty/SEGGER/OS" -I"C:/Users/vahid/Desktop/STM32F401/002LEDproject/thirdparty/SEGGER/SEGGER" -I"C:/Users/vahid/Desktop/STM32F401/002LEDproject/thirdparty/FreeRTOS/include" -I../Drivers/CMSIS/Include -I"C:/Users/vahid/Desktop/STM32F401/002LEDproject/thirdparty/FreeRTOS/portable/GCC/ARM_CM4F" -I../Drivers/STM32F4xx_HAL_Driver/Inc -I../Core/Inc -I../Drivers/CMSIS/Device/ST/STM32F4xx/Include -I../Drivers/STM32F4xx_HAL_Driver/Inc/Legacy -I"C:/Users/vahid/Desktop/STM32F401/chip_headers/CMSIS/Include" -I"C:/Users/vahid/Desktop/STM32F401/chip_headers/CMSIS/Device/ST/STM32F4xx/Include" -O0 -ffunction-sections -fdata-sections -Wall -fstack-usage -fcyclomatic-complexity -MMD -MP -MF"thirdparty/FreeRTOS/stream_buffer.d" -MT"thirdparty/FreeRTOS/stream_buffer.o" --specs=nano.specs -mfpu=fpv4-sp-d16 -mfloat-abi=hard -mthumb -o "thirdparty/FreeRTOS/stream_buffer.o"
arm-none-eabi-gcc "../thirdparty/FreeRTOS/tasks.c" -mcpu=cortex-m4 -std=gnu11 -g3 -DUSE_HAL_DRIVER -DSTM32F401xE -DDEBUG -DSTM32F401RETx -c -I"C:/Users/vahid/Desktop/STM32F401/002LEDproject/thirdparty/FreeRTOS" -I"C:/Users/vahid/Desktop/STM32F401/002LEDproject/thirdparty/SEGGER/Config" -I"C:/Users/vahid/Desktop/STM32F401/002LEDproject/thirdparty/SEGGER/OS" -I"C:/Users/vahid/Desktop/STM32F401/002LEDproject/thirdparty/SEGGER/SEGGER" -I"C:/Users/vahid/Desktop/STM32F401/002LEDproject/thirdparty/FreeRTOS/include" -I../Drivers/CMSIS/Include -I"C:/Users/vahid/Desktop/STM32F401/002LEDproject/thirdparty/FreeRTOS/portable/GCC/ARM_CM4F" -I../Drivers/STM32F4xx_HAL_Driver/Inc -I../Core/Inc -I../Drivers/CMSIS/Device/ST/STM32F4xx/Include -I../Drivers/STM32F4xx_HAL_Driver/Inc/Legacy -I"C:/Users/vahid/Desktop/STM32F401/chip_headers/CMSIS/Include" -I"C:/Users/vahid/Desktop/STM32F401/chip_headers/CMSIS/Device/ST/STM32F4xx/Include" -O0 -ffunction-sections -fdata-sections -Wall -fstack-usage -fcyclomatic-complexity -MMD -MP -MF"thirdparty/FreeRTOS/tasks.d" -MT"thirdparty/FreeRTOS/tasks.o" --specs=nano.specs -mfpu=fpv4-sp-d16 -mfloat-abi=hard -mthumb -o "thirdparty/FreeRTOS/tasks.o"
arm-none-eabi-gcc "../thirdparty/FreeRTOS/timers.c" -mcpu=cortex-m4 -std=gnu11 -g3 -DUSE_HAL_DRIVER -DSTM32F401xE -DDEBUG -DSTM32F401RETx -c -I"C:/Users/vahid/Desktop/STM32F401/002LEDproject/thirdparty/FreeRTOS" -I"C:/Users/vahid/Desktop/STM32F401/002LEDproject/thirdparty/SEGGER/Config" -I"C:/Users/vahid/Desktop/STM32F401/002LEDproject/thirdparty/SEGGER/OS" -I"C:/Users/vahid/Desktop/STM32F401/002LEDproject/thirdparty/SEGGER/SEGGER" -I"C:/Users/vahid/Desktop/STM32F401/002LEDproject/thirdparty/FreeRTOS/include" -I../Drivers/CMSIS/Include -I"C:/Users/vahid/Desktop/STM32F401/002LEDproject/thirdparty/FreeRTOS/portable/GCC/ARM_CM4F" -I../Drivers/STM32F4xx_HAL_Driver/Inc -I../Core/Inc -I../Drivers/CMSIS/Device/ST/STM32F4xx/Include -I../Drivers/STM32F4xx_HAL_Driver/Inc/Legacy -I"C:/Users/vahid/Desktop/STM32F401/chip_headers/CMSIS/Include" -I"C:/Users/vahid/Desktop/STM32F401/chip_headers/CMSIS/Device/ST/STM32F4xx/Include" -O0 -ffunction-sections -fdata-sections -Wall -fstack-usage -fcyclomatic-complexity -MMD -MP -MF"thirdparty/FreeRTOS/timers.d" -MT"thirdparty/FreeRTOS/timers.o" --specs=nano.specs -mfpu=fpv4-sp-d16 -mfloat-abi=hard -mthumb -o "thirdparty/FreeRTOS/timers.o"
arm-none-eabi-gcc "../Drivers/STM32F4xx_HAL_Driver/Src/stm32f4xx_hal.c" -mcpu=cortex-m4 -std=gnu11 -g3 -DUSE_HAL_DRIVER -DSTM32F401xE -DDEBUG -DSTM32F401RETx -c -I"C:/Users/vahid/Desktop/STM32F401/002LEDproject/thirdparty/FreeRTOS" -I"C:/Users/vahid/Desktop/STM32F401/002LEDproject/thirdparty/SEGGER/Config" -I"C:/Users/vahid/Desktop/STM32F401/002LEDproject/thirdparty/SEGGER/OS" -I"C:/Users/vahid/Desktop/STM32F401/002LEDproject/thirdparty/SEGGER/SEGGER" -I"C:/Users/vahid/Desktop/STM32F401/002LEDproject/thirdparty/FreeRTOS/include" -I../Drivers/CMSIS/Include -I"C:/Users/vahid/Desktop/STM32F401/002LEDproject/thirdparty/FreeRTOS/portable/GCC/ARM_CM4F" -I../Drivers/STM32F4xx_HAL_Driver/Inc -I../Core/Inc -I../Drivers/CMSIS/Device/ST/STM32F4xx/Include -I../Drivers/STM32F4xx_HAL_Driver/Inc/Legacy -I"C:/Users/vahid/Desktop/STM32F401/chip_headers/CMSIS/Include" -I"C:/Users/vahid/Desktop/STM32F401/chip_headers/CMSIS/Device/ST/STM32F4xx/Include" -O0 -ffunction-sections -fdata-sections -Wall -fstack-usage -fcyclomatic-complexity -MMD -MP -MF"Drivers/STM32F4xx_HAL_Driver/Src/stm32f4xx_hal.d" -MT"Drivers/STM32F4xx_HAL_Driver/Src/stm32f4xx_hal.o" --specs=nano.specs -mfpu=fpv4-sp-d16 -mfloat-abi=hard -mthumb -o "Drivers/STM32F4xx_HAL_Driver/Src/stm32f4xx_hal.o"
../thirdparty/FreeRTOS/tasks.c: In function 'vTaskPrioritySet':
../thirdparty/FreeRTOS/tasks.c:1644:41: warning: implicit declaration of function 'prvReadTaskToReadyList'; did you mean 'prvAddTaskToReadyList'? [-Wimplicit-function-declaration]
arm-none-eabi-gcc "../Drivers/STM32F4xx_HAL_Driver/Src/stm32f4xx_hal_cortex.c" -mcpu=cortex-m4 -std=gnu11 -g3 -DUSE_HAL_DRIVER -DSTM32F401xE -DDEBUG -DSTM32F401RETx -c -I"C:/Users/vahid/Desktop/STM32F401/002LEDproject/thirdparty/FreeRTOS" -I"C:/Users/vahid/Desktop/STM32F401/002LEDproject/thirdparty/SEGGER/Config" -I"C:/Users/vahid/Desktop/STM32F401/002LEDproject/thirdparty/SEGGER/OS" -I"C:/Users/vahid/Desktop/STM32F401/002LEDproject/thirdparty/SEGGER/SEGGER" -I"C:/Users/vahid/Desktop/STM32F401/002LEDproject/thirdparty/FreeRTOS/include" -I../Drivers/CMSIS/Include -I"C:/Users/vahid/Desktop/STM32F401/002LEDproject/thirdparty/FreeRTOS/portable/GCC/ARM_CM4F" -I../Drivers/STM32F4xx_HAL_Driver/Inc -I../Core/Inc -I../Drivers/CMSIS/Device/ST/STM32F4xx/Include -I../Drivers/STM32F4xx_HAL_Driver/Inc/Legacy -I"C:/Users/vahid/Desktop/STM32F401/chip_headers/CMSIS/Include" -I"C:/Users/vahid/Desktop/STM32F401/chip_headers/CMSIS/Device/ST/STM32F4xx/Include" -O0 -ffunction-sections -fdata-sections -Wall -fstack-usage -fcyclomatic-complexity -MMD -MP -MF"Drivers/STM32F4xx_HAL_Driver/Src/stm32f4xx_hal_cortex.d" -MT"Drivers/STM32F4xx_HAL_Driver/Src/stm32f4xx_hal_cortex.o" --specs=nano.specs -mfpu=fpv4-sp-d16 -mfloat-abi=hard -mthumb -o "Drivers/STM32F4xx_HAL_Driver/Src/stm32f4xx_hal_cortex.o"
 1644 |                                         prvReadTaskToReadyList( pxTCB );
      |                                         ^~~~~~~~~~~~~~~~~~~~~~
      |                                         prvAddTaskToReadyList
../thirdparty/FreeRTOS/tasks.c: In function 'xTaskPriorityInherit':
../thirdparty/FreeRTOS/tasks.c:4126:21: warning: implicit declaration of function 'prvReaddTaskToReadyList'; did you mean 'prvAddTaskToReadyList'? [-Wimplicit-function-declaration]
 4126 |                     prvReaddTaskToReadyList( pxMutexHolderTCB );
      |                     ^~~~~~~~~~~~~~~~~~~~~~~
      |                     prvAddTaskToReadyList
arm-none-eabi-gcc "../Drivers/STM32F4xx_HAL_Driver/Src/stm32f4xx_hal_dma.c" -mcpu=cortex-m4 -std=gnu11 -g3 -DUSE_HAL_DRIVER -DSTM32F401xE -DDEBUG -DSTM32F401RETx -c -I"C:/Users/vahid/Desktop/STM32F401/002LEDproject/thirdparty/FreeRTOS" -I"C:/Users/vahid/Desktop/STM32F401/002LEDproject/thirdparty/SEGGER/Config" -I"C:/Users/vahid/Desktop/STM32F401/002LEDproject/thirdparty/SEGGER/OS" -I"C:/Users/vahid/Desktop/STM32F401/002LEDproject/thirdparty/SEGGER/SEGGER" -I"C:/Users/vahid/Desktop/STM32F401/002LEDproject/thirdparty/FreeRTOS/include" -I../Drivers/CMSIS/Include -I"C:/Users/vahid/Desktop/STM32F401/002LEDproject/thirdparty/FreeRTOS/portable/GCC/ARM_CM4F" -I../Drivers/STM32F4xx_HAL_Driver/Inc -I../Core/Inc -I../Drivers/CMSIS/Device/ST/STM32F4xx/Include -I../Drivers/STM32F4xx_HAL_Driver/Inc/Legacy -I"C:/Users/vahid/Desktop/STM32F401/chip_headers/CMSIS/Include" -I"C:/Users/vahid/Desktop/STM32F401/chip_headers/CMSIS/Device/ST/STM32F4xx/Include" -O0 -ffunction-sections -fdata-sections -Wall -fstack-usage -fcyclomatic-complexity -MMD -MP -MF"Drivers/STM32F4xx_HAL_Driver/Src/stm32f4xx_hal_dma.d" -MT"Drivers/STM32F4xx_HAL_Driver/Src/stm32f4xx_hal_dma.o" --specs=nano.specs -mfpu=fpv4-sp-d16 -mfloat-abi=hard -mthumb -o "Drivers/STM32F4xx_HAL_Driver/Src/stm32f4xx_hal_dma.o"
arm-none-eabi-gcc "../Drivers/STM32F4xx_HAL_Driver/Src/stm32f4xx_hal_dma_ex.c" -mcpu=cortex-m4 -std=gnu11 -g3 -DUSE_HAL_DRIVER -DSTM32F401xE -DDEBUG -DSTM32F401RETx -c -I"C:/Users/vahid/Desktop/STM32F401/002LEDproject/thirdparty/FreeRTOS" -I"C:/Users/vahid/Desktop/STM32F401/002LEDproject/thirdparty/SEGGER/Config" -I"C:/Users/vahid/Desktop/STM32F401/002LEDproject/thirdparty/SEGGER/OS" -I"C:/Users/vahid/Desktop/STM32F401/002LEDproject/thirdparty/SEGGER/SEGGER" -I"C:/Users/vahid/Desktop/STM32F401/002LEDproject/thirdparty/FreeRTOS/include" -I../Drivers/CMSIS/Include -I"C:/Users/vahid/Desktop/STM32F401/002LEDproject/thirdparty/FreeRTOS/portable/GCC/ARM_CM4F" -I../Drivers/STM32F4xx_HAL_Driver/Inc -I../Core/Inc -I../Drivers/CMSIS/Device/ST/STM32F4xx/Include -I../Drivers/STM32F4xx_HAL_Driver/Inc/Legacy -I"C:/Users/vahid/Desktop/STM32F401/chip_headers/CMSIS/Include" -I"C:/Users/vahid/Desktop/STM32F401/chip_headers/CMSIS/Device/ST/STM32F4xx/Include" -O0 -ffunction-sections -fdata-sections -Wall -fstack-usage -fcyclomatic-complexity -MMD -MP -MF"Drivers/STM32F4xx_HAL_Driver/Src/stm32f4xx_hal_dma_ex.d" -MT"Drivers/STM32F4xx_HAL_Driver/Src/stm32f4xx_hal_dma_ex.o" --specs=nano.specs -mfpu=fpv4-sp-d16 -mfloat-abi=hard -mthumb -o "Drivers/STM32F4xx_HAL_Driver/Src/stm32f4xx_hal_dma_ex.o"
arm-none-eabi-gcc "../Drivers/STM32F4xx_HAL_Driver/Src/stm32f4xx_hal_exti.c" -mcpu=cortex-m4 -std=gnu11 -g3 -DUSE_HAL_DRIVER -DSTM32F401xE -DDEBUG -DSTM32F401RETx -c -I"C:/Users/vahid/Desktop/STM32F401/002LEDproject/thirdparty/FreeRTOS" -I"C:/Users/vahid/Desktop/STM32F401/002LEDproject/thirdparty/SEGGER/Config" -I"C:/Users/vahid/Desktop/STM32F401/002LEDproject/thirdparty/SEGGER/OS" -I"C:/Users/vahid/Desktop/STM32F401/002LEDproject/thirdparty/SEGGER/SEGGER" -I"C:/Users/vahid/Desktop/STM32F401/002LEDproject/thirdparty/FreeRTOS/include" -I../Drivers/CMSIS/Include -I"C:/Users/vahid/Desktop/STM32F401/002LEDproject/thirdparty/FreeRTOS/portable/GCC/ARM_CM4F" -I../Drivers/STM32F4xx_HAL_Driver/Inc -I../Core/Inc -I../Drivers/CMSIS/Device/ST/STM32F4xx/Include -I../Drivers/STM32F4xx_HAL_Driver/Inc/Legacy -I"C:/Users/vahid/Desktop/STM32F401/chip_headers/CMSIS/Include" -I"C:/Users/vahid/Desktop/STM32F401/chip_headers/CMSIS/Device/ST/STM32F4xx/Include" -O0 -ffunction-sections -fdata-sections -Wall -fstack-usage -fcyclomatic-complexity -MMD -MP -MF"Drivers/STM32F4xx_HAL_Driver/Src/stm32f4xx_hal_exti.d" -MT"Drivers/STM32F4xx_HAL_Driver/Src/stm32f4xx_hal_exti.o" --specs=nano.specs -mfpu=fpv4-sp-d16 -mfloat-abi=hard -mthumb -o "Drivers/STM32F4xx_HAL_Driver/Src/stm32f4xx_hal_exti.o"
arm-none-eabi-gcc "../Drivers/STM32F4xx_HAL_Driver/Src/stm32f4xx_hal_flash.c" -mcpu=cortex-m4 -std=gnu11 -g3 -DUSE_HAL_DRIVER -DSTM32F401xE -DDEBUG -DSTM32F401RETx -c -I"C:/Users/vahid/Desktop/STM32F401/002LEDproject/thirdparty/FreeRTOS" -I"C:/Users/vahid/Desktop/STM32F401/002LEDproject/thirdparty/SEGGER/Config" -I"C:/Users/vahid/Desktop/STM32F401/002LEDproject/thirdparty/SEGGER/OS" -I"C:/Users/vahid/Desktop/STM32F401/002LEDproject/thirdparty/SEGGER/SEGGER" -I"C:/Users/vahid/Desktop/STM32F401/002LEDproject/thirdparty/FreeRTOS/include" -I../Drivers/CMSIS/Include -I"C:/Users/vahid/Desktop/STM32F401/002LEDproject/thirdparty/FreeRTOS/portable/GCC/ARM_CM4F" -I../Drivers/STM32F4xx_HAL_Driver/Inc -I../Core/Inc -I../Drivers/CMSIS/Device/ST/STM32F4xx/Include -I../Drivers/STM32F4xx_HAL_Driver/Inc/Legacy -I"C:/Users/vahid/Desktop/STM32F401/chip_headers/CMSIS/Include" -I"C:/Users/vahid/Desktop/STM32F401/chip_headers/CMSIS/Device/ST/STM32F4xx/Include" -O0 -ffunction-sections -fdata-sections -Wall -fstack-usage -fcyclomatic-complexity -MMD -MP -MF"Drivers/STM32F4xx_HAL_Driver/Src/stm32f4xx_hal_flash.d" -MT"Drivers/STM32F4xx_HAL_Driver/Src/stm32f4xx_hal_flash.o" --specs=nano.specs -mfpu=fpv4-sp-d16 -mfloat-abi=hard -mthumb -o "Drivers/STM32F4xx_HAL_Driver/Src/stm32f4xx_hal_flash.o"
arm-none-eabi-gcc "../Drivers/STM32F4xx_HAL_Driver/Src/stm32f4xx_hal_flash_ex.c" -mcpu=cortex-m4 -std=gnu11 -g3 -DUSE_HAL_DRIVER -DSTM32F401xE -DDEBUG -DSTM32F401RETx -c -I"C:/Users/vahid/Desktop/STM32F401/002LEDproject/thirdparty/FreeRTOS" -I"C:/Users/vahid/Desktop/STM32F401/002LEDproject/thirdparty/SEGGER/Config" -I"C:/Users/vahid/Desktop/STM32F401/002LEDproject/thirdparty/SEGGER/OS" -I"C:/Users/vahid/Desktop/STM32F401/002LEDproject/thirdparty/SEGGER/SEGGER" -I"C:/Users/vahid/Desktop/STM32F401/002LEDproject/thirdparty/FreeRTOS/include" -I../Drivers/CMSIS/Include -I"C:/Users/vahid/Desktop/STM32F401/002LEDproject/thirdparty/FreeRTOS/portable/GCC/ARM_CM4F" -I../Drivers/STM32F4xx_HAL_Driver/Inc -I../Core/Inc -I../Drivers/CMSIS/Device/ST/STM32F4xx/Include -I../Drivers/STM32F4xx_HAL_Driver/Inc/Legacy -I"C:/Users/vahid/Desktop/STM32F401/chip_headers/CMSIS/Include" -I"C:/Users/vahid/Desktop/STM32F401/chip_headers/CMSIS/Device/ST/STM32F4xx/Include" -O0 -ffunction-sections -fdata-sections -Wall -fstack-usage -fcyclomatic-complexity -MMD -MP -MF"Drivers/STM32F4xx_HAL_Driver/Src/stm32f4xx_hal_flash_ex.d" -MT"Drivers/STM32F4xx_HAL_Driver/Src/stm32f4xx_hal_flash_ex.o" --specs=nano.specs -mfpu=fpv4-sp-d16 -mfloat-abi=hard -mthumb -o "Drivers/STM32F4xx_HAL_Driver/Src/stm32f4xx_hal_flash_ex.o"
arm-none-eabi-gcc "../Drivers/STM32F4xx_HAL_Driver/Src/stm32f4xx_hal_flash_ramfunc.c" -mcpu=cortex-m4 -std=gnu11 -g3 -DUSE_HAL_DRIVER -DSTM32F401xE -DDEBUG -DSTM32F401RETx -c -I"C:/Users/vahid/Desktop/STM32F401/002LEDproject/thirdparty/FreeRTOS" -I"C:/Users/vahid/Desktop/STM32F401/002LEDproject/thirdparty/SEGGER/Config" -I"C:/Users/vahid/Desktop/STM32F401/002LEDproject/thirdparty/SEGGER/OS" -I"C:/Users/vahid/Desktop/STM32F401/002LEDproject/thirdparty/SEGGER/SEGGER" -I"C:/Users/vahid/Desktop/STM32F401/002LEDproject/thirdparty/FreeRTOS/include" -I../Drivers/CMSIS/Include -I"C:/Users/vahid/Desktop/STM32F401/002LEDproject/thirdparty/FreeRTOS/portable/GCC/ARM_CM4F" -I../Drivers/STM32F4xx_HAL_Driver/Inc -I../Core/Inc -I../Drivers/CMSIS/Device/ST/STM32F4xx/Include -I../Drivers/STM32F4xx_HAL_Driver/Inc/Legacy -I"C:/Users/vahid/Desktop/STM32F401/chip_headers/CMSIS/Include" -I"C:/Users/vahid/Desktop/STM32F401/chip_headers/CMSIS/Device/ST/STM32F4xx/Include" -O0 -ffunction-sections -fdata-sections -Wall -fstack-usage -fcyclomatic-complexity -MMD -MP -MF"Drivers/STM32F4xx_HAL_Driver/Src/stm32f4xx_hal_flash_ramfunc.d" -MT"Drivers/STM32F4xx_HAL_Driver/Src/stm32f4xx_hal_flash_ramfunc.o" --specs=nano.specs -mfpu=fpv4-sp-d16 -mfloat-abi=hard -mthumb -o "Drivers/STM32F4xx_HAL_Driver/Src/stm32f4xx_hal_flash_ramfunc.o"
arm-none-eabi-gcc "../Drivers/STM32F4xx_HAL_Driver/Src/stm32f4xx_hal_gpio.c" -mcpu=cortex-m4 -std=gnu11 -g3 -DUSE_HAL_DRIVER -DSTM32F401xE -DDEBUG -DSTM32F401RETx -c -I"C:/Users/vahid/Desktop/STM32F401/002LEDproject/thirdparty/FreeRTOS" -I"C:/Users/vahid/Desktop/STM32F401/002LEDproject/thirdparty/SEGGER/Config" -I"C:/Users/vahid/Desktop/STM32F401/002LEDproject/thirdparty/SEGGER/OS" -I"C:/Users/vahid/Desktop/STM32F401/002LEDproject/thirdparty/SEGGER/SEGGER" -I"C:/Users/vahid/Desktop/STM32F401/002LEDproject/thirdparty/FreeRTOS/include" -I../Drivers/CMSIS/Include -I"C:/Users/vahid/Desktop/STM32F401/002LEDproject/thirdparty/FreeRTOS/portable/GCC/ARM_CM4F" -I../Drivers/STM32F4xx_HAL_Driver/Inc -I../Core/Inc -I../Drivers/CMSIS/Device/ST/STM32F4xx/Include -I../Drivers/STM32F4xx_HAL_Driver/Inc/Legacy -I"C:/Users/vahid/Desktop/STM32F401/chip_headers/CMSIS/Include" -I"C:/Users/vahid/Desktop/STM32F401/chip_headers/CMSIS/Device/ST/STM32F4xx/Include" -O0 -ffunction-sections -fdata-sections -Wall -fstack-usage -fcyclomatic-complexity -MMD -MP -MF"Drivers/STM32F4xx_HAL_Driver/Src/stm32f4xx_hal_gpio.d" -MT"Drivers/STM32F4xx_HAL_Driver/Src/stm32f4xx_hal_gpio.o" --specs=nano.specs -mfpu=fpv4-sp-d16 -mfloat-abi=hard -mthumb -o "Drivers/STM32F4xx_HAL_Driver/Src/stm32f4xx_hal_gpio.o"
arm-none-eabi-gcc "../Drivers/STM32F4xx_HAL_Driver/Src/stm32f4xx_hal_pwr.c" -mcpu=cortex-m4 -std=gnu11 -g3 -DUSE_HAL_DRIVER -DSTM32F401xE -DDEBUG -DSTM32F401RETx -c -I"C:/Users/vahid/Desktop/STM32F401/002LEDproject/thirdparty/FreeRTOS" -I"C:/Users/vahid/Desktop/STM32F401/002LEDproject/thirdparty/SEGGER/Config" -I"C:/Users/vahid/Desktop/STM32F401/002LEDproject/thirdparty/SEGGER/OS" -I"C:/Users/vahid/Desktop/STM32F401/002LEDproject/thirdparty/SEGGER/SEGGER" -I"C:/Users/vahid/Desktop/STM32F401/002LEDproject/thirdparty/FreeRTOS/include" -I../Drivers/CMSIS/Include -I"C:/Users/vahid/Desktop/STM32F401/002LEDproject/thirdparty/FreeRTOS/portable/GCC/ARM_CM4F" -I../Drivers/STM32F4xx_HAL_Driver/Inc -I../Core/Inc -I../Drivers/CMSIS/Device/ST/STM32F4xx/Include -I../Drivers/STM32F4xx_HAL_Driver/Inc/Legacy -I"C:/Users/vahid/Desktop/STM32F401/chip_headers/CMSIS/Include" -I"C:/Users/vahid/Desktop/STM32F401/chip_headers/CMSIS/Device/ST/STM32F4xx/Include" -O0 -ffunction-sections -fdata-sections -Wall -fstack-usage -fcyclomatic-complexity -MMD -MP -MF"Drivers/STM32F4xx_HAL_Driver/Src/stm32f4xx_hal_pwr.d" -MT"Drivers/STM32F4xx_HAL_Driver/Src/stm32f4xx_hal_pwr.o" --specs=nano.specs -mfpu=fpv4-sp-d16 -mfloat-abi=hard -mthumb -o "Drivers/STM32F4xx_HAL_Driver/Src/stm32f4xx_hal_pwr.o"
arm-none-eabi-gcc "../Drivers/STM32F4xx_HAL_Driver/Src/stm32f4xx_hal_pwr_ex.c" -mcpu=cortex-m4 -std=gnu11 -g3 -DUSE_HAL_DRIVER -DSTM32F401xE -DDEBUG -DSTM32F401RETx -c -I"C:/Users/vahid/Desktop/STM32F401/002LEDproject/thirdparty/FreeRTOS" -I"C:/Users/vahid/Desktop/STM32F401/002LEDproject/thirdparty/SEGGER/Config" -I"C:/Users/vahid/Desktop/STM32F401/002LEDproject/thirdparty/SEGGER/OS" -I"C:/Users/vahid/Desktop/STM32F401/002LEDproject/thirdparty/SEGGER/SEGGER" -I"C:/Users/vahid/Desktop/STM32F401/002LEDproject/thirdparty/FreeRTOS/include" -I../Drivers/CMSIS/Include -I"C:/Users/vahid/Desktop/STM32F401/002LEDproject/thirdparty/FreeRTOS/portable/GCC/ARM_CM4F" -I../Drivers/STM32F4xx_HAL_Driver/Inc -I../Core/Inc -I../Drivers/CMSIS/Device/ST/STM32F4xx/Include -I../Drivers/STM32F4xx_HAL_Driver/Inc/Legacy -I"C:/Users/vahid/Desktop/STM32F401/chip_headers/CMSIS/Include" -I"C:/Users/vahid/Desktop/STM32F401/chip_headers/CMSIS/Device/ST/STM32F4xx/Include" -O0 -ffunction-sections -fdata-sections -Wall -fstack-usage -fcyclomatic-complexity -MMD -MP -MF"Drivers/STM32F4xx_HAL_Driver/Src/stm32f4xx_hal_pwr_ex.d" -MT"Drivers/STM32F4xx_HAL_Driver/Src/stm32f4xx_hal_pwr_ex.o" --specs=nano.specs -mfpu=fpv4-sp-d16 -mfloat-abi=hard -mthumb -o "Drivers/STM32F4xx_HAL_Driver/Src/stm32f4xx_hal_pwr_ex.o"
arm-none-eabi-gcc "../Drivers/STM32F4xx_HAL_Driver/Src/stm32f4xx_hal_rcc.c" -mcpu=cortex-m4 -std=gnu11 -g3 -DUSE_HAL_DRIVER -DSTM32F401xE -DDEBUG -DSTM32F401RETx -c -I"C:/Users/vahid/Desktop/STM32F401/002LEDproject/thirdparty/FreeRTOS" -I"C:/Users/vahid/Desktop/STM32F401/002LEDproject/thirdparty/SEGGER/Config" -I"C:/Users/vahid/Desktop/STM32F401/002LEDproject/thirdparty/SEGGER/OS" -I"C:/Users/vahid/Desktop/STM32F401/002LEDproject/thirdparty/SEGGER/SEGGER" -I"C:/Users/vahid/Desktop/STM32F401/002LEDproject/thirdparty/FreeRTOS/include" -I../Drivers/CMSIS/Include -I"C:/Users/vahid/Desktop/STM32F401/002LEDproject/thirdparty/FreeRTOS/portable/GCC/ARM_CM4F" -I../Drivers/STM32F4xx_HAL_Driver/Inc -I../Core/Inc -I../Drivers/CMSIS/Device/ST/STM32F4xx/Include -I../Drivers/STM32F4xx_HAL_Driver/Inc/Legacy -I"C:/Users/vahid/Desktop/STM32F401/chip_headers/CMSIS/Include" -I"C:/Users/vahid/Desktop/STM32F401/chip_headers/CMSIS/Device/ST/STM32F4xx/Include" -O0 -ffunction-sections -fdata-sections -Wall -fstack-usage -fcyclomatic-complexity -MMD -MP -MF"Drivers/STM32F4xx_HAL_Driver/Src/stm32f4xx_hal_rcc.d" -MT"Drivers/STM32F4xx_HAL_Driver/Src/stm32f4xx_hal_rcc.o" --specs=nano.specs -mfpu=fpv4-sp-d16 -mfloat-abi=hard -mthumb -o "Drivers/STM32F4xx_HAL_Driver/Src/stm32f4xx_hal_rcc.o"
arm-none-eabi-gcc "../Drivers/STM32F4xx_HAL_Driver/Src/stm32f4xx_hal_rcc_ex.c" -mcpu=cortex-m4 -std=gnu11 -g3 -DUSE_HAL_DRIVER -DSTM32F401xE -DDEBUG -DSTM32F401RETx -c -I"C:/Users/vahid/Desktop/STM32F401/002LEDproject/thirdparty/FreeRTOS" -I"C:/Users/vahid/Desktop/STM32F401/002LEDproject/thirdparty/SEGGER/Config" -I"C:/Users/vahid/Desktop/STM32F401/002LEDproject/thirdparty/SEGGER/OS" -I"C:/Users/vahid/Desktop/STM32F401/002LEDproject/thirdparty/SEGGER/SEGGER" -I"C:/Users/vahid/Desktop/STM32F401/002LEDproject/thirdparty/FreeRTOS/include" -I../Drivers/CMSIS/Include -I"C:/Users/vahid/Desktop/STM32F401/002LEDproject/thirdparty/FreeRTOS/portable/GCC/ARM_CM4F" -I../Drivers/STM32F4xx_HAL_Driver/Inc -I../Core/Inc -I../Drivers/CMSIS/Device/ST/STM32F4xx/Include -I../Drivers/STM32F4xx_HAL_Driver/Inc/Legacy -I"C:/Users/vahid/Desktop/STM32F401/chip_headers/CMSIS/Include" -I"C:/Users/vahid/Desktop/STM32F401/chip_headers/CMSIS/Device/ST/STM32F4xx/Include" -O0 -ffunction-sections -fdata-sections -Wall -fstack-usage -fcyclomatic-complexity -MMD -MP -MF"Drivers/STM32F4xx_HAL_Driver/Src/stm32f4xx_hal_rcc_ex.d" -MT"Drivers/STM32F4xx_HAL_Driver/Src/stm32f4xx_hal_rcc_ex.o" --specs=nano.specs -mfpu=fpv4-sp-d16 -mfloat-abi=hard -mthumb -o "Drivers/STM32F4xx_HAL_Driver/Src/stm32f4xx_hal_rcc_ex.o"
arm-none-eabi-gcc "../Drivers/STM32F4xx_HAL_Driver/Src/stm32f4xx_hal_tim.c" -mcpu=cortex-m4 -std=gnu11 -g3 -DUSE_HAL_DRIVER -DSTM32F401xE -DDEBUG -DSTM32F401RETx -c -I"C:/Users/vahid/Desktop/STM32F401/002LEDproject/thirdparty/FreeRTOS" -I"C:/Users/vahid/Desktop/STM32F401/002LEDproject/thirdparty/SEGGER/Config" -I"C:/Users/vahid/Desktop/STM32F401/002LEDproject/thirdparty/SEGGER/OS" -I"C:/Users/vahid/Desktop/STM32F401/002LEDproject/thirdparty/SEGGER/SEGGER" -I"C:/Users/vahid/Desktop/STM32F401/002LEDproject/thirdparty/FreeRTOS/include" -I../Drivers/CMSIS/Include -I"C:/Users/vahid/Desktop/STM32F401/002LEDproject/thirdparty/FreeRTOS/portable/GCC/ARM_CM4F" -I../Drivers/STM32F4xx_HAL_Driver/Inc -I../Core/Inc -I../Drivers/CMSIS/Device/ST/STM32F4xx/Include -I../Drivers/STM32F4xx_HAL_Driver/Inc/Legacy -I"C:/Users/vahid/Desktop/STM32F401/chip_headers/CMSIS/Include" -I"C:/Users/vahid/Desktop/STM32F401/chip_headers/CMSIS/Device/ST/STM32F4xx/Include" -O0 -ffunction-sections -fdata-sections -Wall -fstack-usage -fcyclomatic-complexity -MMD -MP -MF"Drivers/STM32F4xx_HAL_Driver/Src/stm32f4xx_hal_tim.d" -MT"Drivers/STM32F4xx_HAL_Driver/Src/stm32f4xx_hal_tim.o" --specs=nano.specs -mfpu=fpv4-sp-d16 -mfloat-abi=hard -mthumb -o "Drivers/STM32F4xx_HAL_Driver/Src/stm32f4xx_hal_tim.o"
arm-none-eabi-gcc "../Drivers/STM32F4xx_HAL_Driver/Src/stm32f4xx_hal_tim_ex.c" -mcpu=cortex-m4 -std=gnu11 -g3 -DUSE_HAL_DRIVER -DSTM32F401xE -DDEBUG -DSTM32F401RETx -c -I"C:/Users/vahid/Desktop/STM32F401/002LEDproject/thirdparty/FreeRTOS" -I"C:/Users/vahid/Desktop/STM32F401/002LEDproject/thirdparty/SEGGER/Config" -I"C:/Users/vahid/Desktop/STM32F401/002LEDproject/thirdparty/SEGGER/OS" -I"C:/Users/vahid/Desktop/STM32F401/002LEDproject/thirdparty/SEGGER/SEGGER" -I"C:/Users/vahid/Desktop/STM32F401/002LEDproject/thirdparty/FreeRTOS/include" -I../Drivers/CMSIS/Include -I"C:/Users/vahid/Desktop/STM32F401/002LEDproject/thirdparty/FreeRTOS/portable/GCC/ARM_CM4F" -I../Drivers/STM32F4xx_HAL_Driver/Inc -I../Core/Inc -I../Drivers/CMSIS/Device/ST/STM32F4xx/Include -I../Drivers/STM32F4xx_HAL_Driver/Inc/Legacy -I"C:/Users/vahid/Desktop/STM32F401/chip_headers/CMSIS/Include" -I"C:/Users/vahid/Desktop/STM32F401/chip_headers/CMSIS/Device/ST/STM32F4xx/Include" -O0 -ffunction-sections -fdata-sections -Wall -fstack-usage -fcyclomatic-complexity -MMD -MP -MF"Drivers/STM32F4xx_HAL_Driver/Src/stm32f4xx_hal_tim_ex.d" -MT"Drivers/STM32F4xx_HAL_Driver/Src/stm32f4xx_hal_tim_ex.o" --specs=nano.specs -mfpu=fpv4-sp-d16 -mfloat-abi=hard -mthumb -o "Drivers/STM32F4xx_HAL_Driver/Src/stm32f4xx_hal_tim_ex.o"
arm-none-eabi-gcc -mcpu=cortex-m4 -g3 -c -I"C:/Users/vahid/Desktop/STM32F401/002LEDproject/thirdparty/SEGGER/Config" -x assembler-with-cpp -MMD -MP -MF"Core/Startup/startup_stm32f401retx.d" -MT"Core/Startup/startup_stm32f401retx.o" --specs=nano.specs -mfpu=fpv4-sp-d16 -mfloat-abi=hard -mthumb -o "Core/Startup/startup_stm32f401retx.o" "../Core/Startup/startup_stm32f401retx.s"
arm-none-eabi-gcc "../Core/Src/main.c" -mcpu=cortex-m4 -std=gnu11 -g3 -DUSE_HAL_DRIVER -DSTM32F401xE -DDEBUG -DSTM32F401RETx -c -I"C:/Users/vahid/Desktop/STM32F401/002LEDproject/thirdparty/FreeRTOS" -I"C:/Users/vahid/Desktop/STM32F401/002LEDproject/thirdparty/SEGGER/Config" -I"C:/Users/vahid/Desktop/STM32F401/002LEDproject/thirdparty/SEGGER/OS" -I"C:/Users/vahid/Desktop/STM32F401/002LEDproject/thirdparty/SEGGER/SEGGER" -I"C:/Users/vahid/Desktop/STM32F401/002LEDproject/thirdparty/FreeRTOS/include" -I../Drivers/CMSIS/Include -I"C:/Users/vahid/Desktop/STM32F401/002LEDproject/thirdparty/FreeRTOS/portable/GCC/ARM_CM4F" -I../Drivers/STM32F4xx_HAL_Driver/Inc -I../Core/Inc -I../Drivers/CMSIS/Device/ST/STM32F4xx/Include -I../Drivers/STM32F4xx_HAL_Driver/Inc/Legacy -I"C:/Users/vahid/Desktop/STM32F401/chip_headers/CMSIS/Include" -I"C:/Users/vahid/Desktop/STM32F401/chip_headers/CMSIS/Device/ST/STM32F4xx/Include" -O0 -ffunction-sections -fdata-sections -Wall -fstack-usage -fcyclomatic-complexity -MMD -MP -MF"Core/Src/main.d" -MT"Core/Src/main.o" --specs=nano.specs -mfpu=fpv4-sp-d16 -mfloat-abi=hard -mthumb -o "Core/Src/main.o"
arm-none-eabi-gcc "../Core/Src/stm32f4xx_hal_msp.c" -mcpu=cortex-m4 -std=gnu11 -g3 -DUSE_HAL_DRIVER -DSTM32F401xE -DDEBUG -DSTM32F401RETx -c -I"C:/Users/vahid/Desktop/STM32F401/002LEDproject/thirdparty/FreeRTOS" -I"C:/Users/vahid/Desktop/STM32F401/002LEDproject/thirdparty/SEGGER/Config" -I"C:/Users/vahid/Desktop/STM32F401/002LEDproject/thirdparty/SEGGER/OS" -I"C:/Users/vahid/Desktop/STM32F401/002LEDproject/thirdparty/SEGGER/SEGGER" -I"C:/Users/vahid/Desktop/STM32F401/002LEDproject/thirdparty/FreeRTOS/include" -I../Drivers/CMSIS/Include -I"C:/Users/vahid/Desktop/STM32F401/002LEDproject/thirdparty/FreeRTOS/portable/GCC/ARM_CM4F" -I../Drivers/STM32F4xx_HAL_Driver/Inc -I../Core/Inc -I../Drivers/CMSIS/Device/ST/STM32F4xx/Include -I../Drivers/STM32F4xx_HAL_Driver/Inc/Legacy -I"C:/Users/vahid/Desktop/STM32F401/chip_headers/CMSIS/Include" -I"C:/Users/vahid/Desktop/STM32F401/chip_headers/CMSIS/Device/ST/STM32F4xx/Include" -O0 -ffunction-sections -fdata-sections -Wall -fstack-usage -fcyclomatic-complexity -MMD -MP -MF"Core/Src/stm32f4xx_hal_msp.d" -MT"Core/Src/stm32f4xx_hal_msp.o" --specs=nano.specs -mfpu=fpv4-sp-d16 -mfloat-abi=hard -mthumb -o "Core/Src/stm32f4xx_hal_msp.o"
arm-none-eabi-gcc "../Core/Src/stm32f4xx_hal_timebase_tim.c" -mcpu=cortex-m4 -std=gnu11 -g3 -DUSE_HAL_DRIVER -DSTM32F401xE -DDEBUG -DSTM32F401RETx -c -I"C:/Users/vahid/Desktop/STM32F401/002LEDproject/thirdparty/FreeRTOS" -I"C:/Users/vahid/Desktop/STM32F401/002LEDproject/thirdparty/SEGGER/Config" -I"C:/Users/vahid/Desktop/STM32F401/002LEDproject/thirdparty/SEGGER/OS" -I"C:/Users/vahid/Desktop/STM32F401/002LEDproject/thirdparty/SEGGER/SEGGER" -I"C:/Users/vahid/Desktop/STM32F401/002LEDproject/thirdparty/FreeRTOS/include" -I../Drivers/CMSIS/Include -I"C:/Users/vahid/Desktop/STM32F401/002LEDproject/thirdparty/FreeRTOS/portable/GCC/ARM_CM4F" -I../Drivers/STM32F4xx_HAL_Driver/Inc -I../Core/Inc -I../Drivers/CMSIS/Device/ST/STM32F4xx/Include -I../Drivers/STM32F4xx_HAL_Driver/Inc/Legacy -I"C:/Users/vahid/Desktop/STM32F401/chip_headers/CMSIS/Include" -I"C:/Users/vahid/Desktop/STM32F401/chip_headers/CMSIS/Device/ST/STM32F4xx/Include" -O0 -ffunction-sections -fdata-sections -Wall -fstack-usage -fcyclomatic-complexity -MMD -MP -MF"Core/Src/stm32f4xx_hal_timebase_tim.d" -MT"Core/Src/stm32f4xx_hal_timebase_tim.o" --specs=nano.specs -mfpu=fpv4-sp-d16 -mfloat-abi=hard -mthumb -o "Core/Src/stm32f4xx_hal_timebase_tim.o"
arm-none-eabi-gcc "../Core/Src/stm32f4xx_it.c" -mcpu=cortex-m4 -std=gnu11 -g3 -DUSE_HAL_DRIVER -DSTM32F401xE -DDEBUG -DSTM32F401RETx -c -I"C:/Users/vahid/Desktop/STM32F401/002LEDproject/thirdparty/FreeRTOS" -I"C:/Users/vahid/Desktop/STM32F401/002LEDproject/thirdparty/SEGGER/Config" -I"C:/Users/vahid/Desktop/STM32F401/002LEDproject/thirdparty/SEGGER/OS" -I"C:/Users/vahid/Desktop/STM32F401/002LEDproject/thirdparty/SEGGER/SEGGER" -I"C:/Users/vahid/Desktop/STM32F401/002LEDproject/thirdparty/FreeRTOS/include" -I../Drivers/CMSIS/Include -I"C:/Users/vahid/Desktop/STM32F401/002LEDproject/thirdparty/FreeRTOS/portable/GCC/ARM_CM4F" -I../Drivers/STM32F4xx_HAL_Driver/Inc -I../Core/Inc -I../Drivers/CMSIS/Device/ST/STM32F4xx/Include -I../Drivers/STM32F4xx_HAL_Driver/Inc/Legacy -I"C:/Users/vahid/Desktop/STM32F401/chip_headers/CMSIS/Include" -I"C:/Users/vahid/Desktop/STM32F401/chip_headers/CMSIS/Device/ST/STM32F4xx/Include" -O0 -ffunction-sections -fdata-sections -Wall -fstack-usage -fcyclomatic-complexity -MMD -MP -MF"Core/Src/stm32f4xx_it.d" -MT"Core/Src/stm32f4xx_it.o" --specs=nano.specs -mfpu=fpv4-sp-d16 -mfloat-abi=hard -mthumb -o "Core/Src/stm32f4xx_it.o"
arm-none-eabi-gcc "../Core/Src/syscalls.c" -mcpu=cortex-m4 -std=gnu11 -g3 -DUSE_HAL_DRIVER -DSTM32F401xE -DDEBUG -DSTM32F401RETx -c -I"C:/Users/vahid/Desktop/STM32F401/002LEDproject/thirdparty/FreeRTOS" -I"C:/Users/vahid/Desktop/STM32F401/002LEDproject/thirdparty/SEGGER/Config" -I"C:/Users/vahid/Desktop/STM32F401/002LEDproject/thirdparty/SEGGER/OS" -I"C:/Users/vahid/Desktop/STM32F401/002LEDproject/thirdparty/SEGGER/SEGGER" -I"C:/Users/vahid/Desktop/STM32F401/002LEDproject/thirdparty/FreeRTOS/include" -I../Drivers/CMSIS/Include -I"C:/Users/vahid/Desktop/STM32F401/002LEDproject/thirdparty/FreeRTOS/portable/GCC/ARM_CM4F" -I../Drivers/STM32F4xx_HAL_Driver/Inc -I../Core/Inc -I../Drivers/CMSIS/Device/ST/STM32F4xx/Include -I../Drivers/STM32F4xx_HAL_Driver/Inc/Legacy -I"C:/Users/vahid/Desktop/STM32F401/chip_headers/CMSIS/Include" -I"C:/Users/vahid/Desktop/STM32F401/chip_headers/CMSIS/Device/ST/STM32F4xx/Include" -O0 -ffunction-sections -fdata-sections -Wall -fstack-usage -fcyclomatic-complexity -MMD -MP -MF"Core/Src/syscalls.d" -MT"Core/Src/syscalls.o" --specs=nano.specs -mfpu=fpv4-sp-d16 -mfloat-abi=hard -mthumb -o "Core/Src/syscalls.o"
arm-none-eabi-gcc "../Core/Src/system_stm32f4xx.c" -mcpu=cortex-m4 -std=gnu11 -g3 -DUSE_HAL_DRIVER -DSTM32F401xE -DDEBUG -DSTM32F401RETx -c -I"C:/Users/vahid/Desktop/STM32F401/002LEDproject/thirdparty/FreeRTOS" -I"C:/Users/vahid/Desktop/STM32F401/002LEDproject/thirdparty/SEGGER/Config" -I"C:/Users/vahid/Desktop/STM32F401/002LEDproject/thirdparty/SEGGER/OS" -I"C:/Users/vahid/Desktop/STM32F401/002LEDproject/thirdparty/SEGGER/SEGGER" -I"C:/Users/vahid/Desktop/STM32F401/002LEDproject/thirdparty/FreeRTOS/include" -I../Drivers/CMSIS/Include -I"C:/Users/vahid/Desktop/STM32F401/002LEDproject/thirdparty/FreeRTOS/portable/GCC/ARM_CM4F" -I../Drivers/STM32F4xx_HAL_Driver/Inc -I../Core/Inc -I../Drivers/CMSIS/Device/ST/STM32F4xx/Include -I../Drivers/STM32F4xx_HAL_Driver/Inc/Legacy -I"C:/Users/vahid/Desktop/STM32F401/chip_headers/CMSIS/Include" -I"C:/Users/vahid/Desktop/STM32F401/chip_headers/CMSIS/Device/ST/STM32F4xx/Include" -O0 -ffunction-sections -fdata-sections -Wall -fstack-usage -fcyclomatic-complexity -MMD -MP -MF"Core/Src/system_stm32f4xx.d" -MT"Core/Src/system_stm32f4xx.o" --specs=nano.specs -mfpu=fpv4-sp-d16 -mfloat-abi=hard -mthumb -o "Core/Src/system_stm32f4xx.o"
arm-none-eabi-gcc -o "002LEDproject.elf" @"objects.list"   -mcpu=cortex-m4 -T"C:\Users\vahid\Desktop\STM32F401\002LEDproject\STM32F401RETX_FLASH.ld" --specs=nosys.specs -Wl,-Map="002LEDproject.map" -Wl,--gc-sections -static --specs=nano.specs -mfpu=fpv4-sp-d16 -mfloat-abi=hard -mthumb -Wl,--start-group -lc -lm -Wl,--end-group
C:/ST/STM32CubeIDE_1.3.0/STM32CubeIDE/plugins/com.st.stm32cube.ide.mcu.externaltools.gnu-tools-for-stm32.12.3.rel1.win32_1.0.200.202406191623/tools/bin/../lib/gcc/arm-none-eabi/12.3.1/../../../../arm-none-eabi/bin/ld.exe: warning: 002LEDproject.elf has a LOAD segment with RWX permissions
Finished building target: 002LEDproject.elf
 
arm-none-eabi-size  002LEDproject.elf 
arm-none-eabi-objdump -h -S 002LEDproject.elf  > "002LEDproject.list"
   text	   data	    bss	    dec	    hex	filename
  23292	     28	  84612	 107932	  1a59c	002LEDproject.elf
Finished building: default.size.stdout
 
Finished building: 002LEDproject.list
 

12:22:29 Build Finished. 0 errors, 3 warnings. (took 12s.545ms)

