18:23:12 **** Build of configuration Debug for project 23_WorkingWithSWTimers ****
make -j4 all 
arm-none-eabi-gcc "../Core/Src/main.c" -mcpu=cortex-m4 -std=gnu11 -g3 -DUSE_HAL_DRIVER -DSTM32F401xE -DDEBUG -c -I../Middlewares/Third_Party/FreeRTOS/Source/include -I../Middlewares/Third_Party/FreeRTOS/Source/portable/GCC/ARM_CM4F -I../Drivers/CMSIS/Include -I../Drivers/STM32F4xx_HAL_Driver/Inc -I../Core/Inc -I../Drivers/CMSIS/Device/ST/STM32F4xx/Include -I../Middlewares/Third_Party/FreeRTOS/Source/CMSIS_RTOS_V2 -I../Drivers/STM32F4xx_HAL_Driver/Inc/Legacy -O0 -ffunction-sections -fdata-sections -Wall -fstack-usage -MMD -MP -MF"Core/Src/main.d" -MT"Core/Src/main.o" --specs=nano.specs -mfpu=fpv4-sp-d16 -mfloat-abi=hard -mthumb -o "Core/Src/main.o"
arm-none-eabi-g++ -o "23_WorkingWithSWTimers.elf" @"objects.list"   -mcpu=cortex-m4 -T"C:\Users\vahid\Desktop\STM32F401\23_WorkingWithSWTimers\STM32F401RETX_FLASH.ld" --specs=nosys.specs -Wl,-Map="23_WorkingWithSWTimers.map" -Wl,--gc-sections -static --specs=nano.specs -mfpu=fpv4-sp-d16 -mfloat-abi=hard -mthumb -Wl,--start-group -lc -lm -lstdc++ -lsupc++ -Wl,--end-group
Finished building target: 23_WorkingWithSWTimers.elf
 
arm-none-eabi-objdump -h -S  23_WorkingWithSWTimers.elf  > "23_WorkingWithSWTimers.list"
arm-none-eabi-objcopy  -O binary  23_WorkingWithSWTimers.elf  "23_WorkingWithSWTimers.bin"
arm-none-eabi-size   23_WorkingWithSWTimers.elf 
   text	   data	    bss	    dec	    hex	filename
  24364	    124	  20684	  45172	   b074	23_WorkingWithSWTimers.elf
Finished building: default.size.stdout
 
Finished building: 23_WorkingWithSWTimers.bin
 
Finished building: 23_WorkingWithSWTimers.list
 

18:23:19 Build Finished. 0 errors, 0 warnings. (took 7s.104ms)

