18:23:42 **** Build of configuration Debug for project 2_GPIO_OUTPUT ****
make -j4 all 
arm-none-eabi-gcc -o "2_GPIO_OUTPUT.elf" @"objects.list"   -mcpu=cortex-m4 -T"C:\Users\vahid\Desktop\STM32F401\2_GPIO_OUTPUT\STM32F401RETX_FLASH.ld" --specs=nosys.specs -Wl,-Map="2_GPIO_OUTPUT.map" -Wl,--gc-sections -static --specs=nano.specs -mfpu=fpv4-sp-d16 -mfloat-abi=hard -mthumb -Wl,--start-group -lc -lm -Wl,--end-group
Finished building target: 2_GPIO_OUTPUT.elf
 
arm-none-eabi-size   2_GPIO_OUTPUT.elf 
arm-none-eabi-objdump -h -S  2_GPIO_OUTPUT.elf  > "2_GPIO_OUTPUT.list"
arm-none-eabi-objcopy  -O binary  2_GPIO_OUTPUT.elf  "2_GPIO_OUTPUT.bin"
   text	   data	    bss	    dec	    hex	filename
    760	      8	   1568	   2336	    920	2_GPIO_OUTPUT.elf
Finished building: default.size.stdout
 
Finished building: 2_GPIO_OUTPUT.bin
 
Finished building: 2_GPIO_OUTPUT.list
 

18:23:43 Build Finished. 0 errors, 0 warnings. (took 1s.290ms)

