18:24:05 **** Build of configuration Debug for project 5_ChangingPriorityInRuntime ****
make -j4 all 
arm-none-eabi-gcc "../Core/Src/main.c" -mcpu=cortex-m4 -std=gnu11 -g3 -DUSE_HAL_DRIVER -DSTM32F401xE -DDEBUG -c -I../Middlewares/Third_Party/FreeRTOS/Source/include -I../Middlewares/Third_Party/FreeRTOS/Source/portable/GCC/ARM_CM4F -I../Drivers/CMSIS/Include -I../Drivers/STM32F4xx_HAL_Driver/Inc -I../Core/Inc -I../Drivers/CMSIS/Device/ST/STM32F4xx/Include -I../Middlewares/Third_Party/FreeRTOS/Source/CMSIS_RTOS_V2 -I../Drivers/STM32F4xx_HAL_Driver/Inc/Legacy -O0 -ffunction-sections -fdata-sections -Wall -fstack-usage -MMD -MP -MF"Core/Src/main.d" -MT"Core/Src/main.o" --specs=nano.specs -mfpu=fpv4-sp-d16 -mfloat-abi=hard -mthumb -o "Core/Src/main.o"
arm-none-eabi-g++ -o "5_ChangingPriorityInRuntime.elf" @"objects.list"   -mcpu=cortex-m4 -T"C:\Users\vahid\Desktop\STM32F401\5_ChangingPriorityInRuntime\STM32F401RETX_FLASH.ld" --specs=nosys.specs -Wl,-Map="5_ChangingPriorityInRuntime.map" -Wl,--gc-sections -static --specs=nano.specs -mfpu=fpv4-sp-d16 -mfloat-abi=hard -mthumb -Wl,--start-group -lc -lm -lstdc++ -lsupc++ -Wl,--end-group
Finished building target: 5_ChangingPriorityInRuntime.elf
 
arm-none-eabi-objdump -h -S  5_ChangingPriorityInRuntime.elf  > "5_ChangingPriorityInRuntime.list"
arm-none-eabi-objcopy  -O binary  5_ChangingPriorityInRuntime.elf  "5_ChangingPriorityInRuntime.bin"
arm-none-eabi-size   5_ChangingPriorityInRuntime.elf 
   text	   data	    bss	    dec	    hex	filename
  20344	    124	  20676	  41144	   a0b8	5_ChangingPriorityInRuntime.elf
Finished building: default.size.stdout
 
Finished building: 5_ChangingPriorityInRuntime.bin
 
Finished building: 5_ChangingPriorityInRuntime.list
 

18:24:11 Build Finished. 0 errors, 0 warnings. (took 5s.297ms)

