18:24:25 **** Build of configuration Debug for project 9_adc_single_conversion ****
make -j4 all 
arm-none-eabi-gcc "../Src/adc.c" -mcpu=cortex-m4 -std=gnu11 -g3 -DSTM32 -DSTM32F401RETx -DSTM32F4 -DDEBUG -DSTM32F401xE -c -I../Inc -I"C:/Users/vahid/Desktop/STM32F401/chip_headers/CMSIS/Device/ST/STM32F4xx/Include" -I"C:/Users/vahid/Desktop/STM32F401/chip_headers/CMSIS/Include" -O0 -ffunction-sections -fdata-sections -Wall -fstack-usage -MMD -MP -MF"Src/adc.d" -MT"Src/adc.o" --specs=nano.specs -mfpu=fpv4-sp-d16 -mfloat-abi=hard -mthumb -o "Src/adc.o"
arm-none-eabi-gcc -o "9_adc_single_conversion.elf" @"objects.list"   -mcpu=cortex-m4 -T"C:\Users\vahid\Desktop\STM32F401\9_adc_single_conversion\STM32F401RETX_FLASH.ld" --specs=nosys.specs -Wl,-Map="9_adc_single_conversion.map" -Wl,--gc-sections -static --specs=nano.specs -mfpu=fpv4-sp-d16 -mfloat-abi=hard -mthumb -Wl,--start-group -lc -lm -Wl,--end-group
Finished building target: 9_adc_single_conversion.elf
 
arm-none-eabi-objdump -h -S  9_adc_single_conversion.elf  > "9_adc_single_conversion.list"
arm-none-eabi-objcopy  -O binary  9_adc_single_conversion.elf  "9_adc_single_conversion.bin"
arm-none-eabi-size   9_adc_single_conversion.elf 
   text	   data	    bss	    dec	    hex	filename
   5364	    108	   1588	   7060	   1b94	9_adc_single_conversion.elf
Finished building: default.size.stdout
 
Finished building: 9_adc_single_conversion.bin
 
Finished building: 9_adc_single_conversion.list
 

18:24:27 Build Finished. 0 errors, 0 warnings. (took 2s.97ms)

